
[TestDownCmd_Execute - 1]
✔ cluster destroyed successfully
► Distribution: Kind
► Context: kind-ksail-default

---

[TestDownCmd_Help - 1]
Destroy a cluster.

Usage:
  down [flags]

Flags:
  -c, --context string              Kubernetes context of cluster to destroy (default "kind-ksail-default")
  -d, --distribution Distribution   Kubernetes distribution to destroy (default Kind)
  -h, --help                        help for down

---
