
[TestDownCmdExecute - 1]
✔ cluster destroyed successfully
► Distribution: Kind
► Context: kind-ksail-default

---

[TestDownCmdHelp - 1]
Destroy a cluster.

Usage:
  down [flags]

Flags:
  -c, --context string              Kubernetes context of cluster to destroy (default "kind-ksail-default")
  -d, --distribution Distribution   Kubernetes distribution to use (default Kind)
  -h, --help                        help for down

---
