
[TestInitCmdExecute - 1]
✔ project initialized successfully
► Distribution: Kind
► Source directory: k8s

---

[TestInitCmdHelp - 1]
Initialize a new project.

Usage:
  init [flags]

Flags:
  -d, --distribution Distribution    Kubernetes distribution to use (default Kind)
      --distribution-config string   Configuration file for the distribution (default "kind.yaml")
  -h, --help                         help for init
      --name string                  Name of the cluster (default "ksail-default")
  -s, --source-directory string      Directory containing workloads to deploy (default "k8s")

---
