
[TestInitCmdExecute - 1]
⏳ Load config...
► loading ksail config
► using default config
✔ config loaded

📂 Initialize project......
✚ created 'ksail.yaml'
✚ created 'kind.yaml'
✚ created 'k8s/kustomization.yaml'
✔ initialized project

---

[TestInitCmdHelp - 1]
Initialize a new project in the specified directory (or current directory if none specified).

Usage:
  init [flags]

Flags:
  -f, --force           Overwrite existing files
  -h, --help            help for init
  -o, --output string   Output directory for the project

---
