[TestReconcileCmd_Help - 1]
Reconcile workloads in the cluster to match the desired state
defined in configuration files.

Usage:
  reconcile [flags]

Flags:
  -c, --context string                           Kubernetes context to reconcile workloads in (default "kind-ksail-default")
  -h, --help                                     help for reconcile
  -k, --kubeconfig string                        Path to kubeconfig file (default "~/.kube/config")
  -r, --reconciliation-tool ReconciliationTool   Tool to use for reconciling workloads (default Kubectl)
  -s, --source-directory string                  Directory containing workloads to reconcile (default "k8s")

---

[TestReconcileCmd_Execute - 1]
✔ Workloads reconciled successfully (stub implementation)
► Reconciliation tool: Kubectl
► Source directory: k8s
► Context: kind-ksail-default

---