
[TestExecute_ShowsHelp - 1]
                    __ ______     _ __
                   / //_/ __/__ _(_) /
                  / ,< _\ \/ _ `/ / /
                 /_/|_/___/\_,_/_/_/
                                   . . .
              __/___                 :
        _____/______|             ___|____     |"\/"|
_______/_____\_______\_____     ,'        `.    \  /
\   -----       -\-\-\-    |    |  ^        \___/  |
~^~^~^~^~^~^~^~^~^~^~^~^~^~^~^~^~^~^~^~^~^~^~^~^~^~^~

KSail helps you easily create, manage, and test local Kubernetes clusters and workloads from one simple command line tool.

Usage:
  ksail [flags]

Flags:
  -h, --help      help for ksail
  -v, --version   version for ksail

---
