
[TestStartCmdHelp - 1]
Start a previously stopped cluster.

Usage:
  start [flags]

Flags:
  -c, --context string              Kubernetes context of cluster (default "kind-ksail-default")
  -d, --distribution Distribution   Kubernetes distribution to use (default Kind)
  -h, --help                        help for start

---
