
[TestStartCmdExecute - 1]
✔ Cluster started successfully (stub implementation)
► Distribution: Kind
► Context: kind-ksail-default

---

[TestStartCmdHelp - 1]
Start a previously stopped cluster.

Usage:
  start [flags]

Flags:
  -c, --context string              Kubernetes context of cluster to start (default "kind-ksail-default")
  -d, --distribution Distribution   Kubernetes distribution to use (default Kind)
  -h, --help                        help for start

---
