[TestStatusCmd_Help - 1]
Show the current status of the Kubernetes cluster.

Usage:
  status [flags]

Flags:
  -c, --context string      Kubernetes context to check status for (default "kind-ksail-default")
  -h, --help                help for status
  -k, --kubeconfig string   Path to kubeconfig file (default "~/.kube/config")
  -t, --timeout duration    Timeout for status check operations (default 5m0s)

---

[TestStatusCmd_Execute - 1]
✔ Cluster status: Running (stub implementation)
► Context: kind-ksail-default
► Kubeconfig: ~/.kube/config

---