[TestStopCmdHelp - 1]
Stop the Kubernetes cluster without removing it.

Usage:
  stop [flags]

Flags:
  -c, --context string              Kubernetes context of cluster to stop (default "kind-ksail-default")
  -d, --distribution Distribution   Kubernetes distribution to stop (default Kind)
  -h, --help                        help for stop

---

[TestStopCmdExecute - 1]
✔ Cluster stopped successfully (stub implementation)
► Distribution: Kind
► Context: kind-ksail-default

---