
[TestWorkloadHelpSnapshots/apply - 1]
Apply manifests to the Kubernetes cluster using Kubectl.

Usage:
  ksail workload apply [flags]

Flags:
  -h, --help   help for apply

---

[TestWorkloadHelpSnapshots/install - 1]
Install Helm charts to provision workloads through KSail.

Usage:
  ksail workload install [flags]

Flags:
  -h, --help   help for install

---

[TestWorkloadHelpSnapshots/namespace - 1]
Group workload commands under a single namespace to reconcile, apply, or install workloads.

Usage:
  ksail workload [flags]
  ksail workload [command]

Available Commands:
  apply       Apply manifests
  install     Install Helm charts
  reconcile   Reconcile workloads with the cluster

Flags:
  -h, --help   help for workload

Use "ksail workload [command] --help" for more information about a command.

---

[TestWorkloadHelpSnapshots/reconcile - 1]
Reconcile Flux resources to ensure workloads match desired state.

Usage:
  ksail workload reconcile [flags]

Flags:
  -h, --help   help for reconcile

---
