
[TestWorkloadHelpSnapshots/apply - 1]
Apply local Kubernetes manifests to your cluster.

Usage:
  ksail workload apply
  ksail workload apply [command]

Examples:
  # Apply the configuration in pod.json to a pod
  kubectl apply -f ./pod.json
  
  # Apply resources from a directory containing kustomization.yaml - e.g. dir/kustomization.yaml
  kubectl apply -k dir/
  
  # Apply the JSON passed into stdin to a pod
  cat pod.json | kubectl apply -f -
  
  # Apply the configuration from all files that end with '.json'
  kubectl apply -f '*.json'
  
  # Note: --prune is still in Alpha
  # Apply the configuration in manifest.yaml that matches label app=nginx and delete all other resources that are not in the file and match label app=nginx
  kubectl apply --prune -f manifest.yaml -l app=nginx
  
  # Apply the configuration in manifest.yaml and delete all the other config maps that are not in the file
  kubectl apply --prune -f manifest.yaml --all --prune-allowlist=core/v1/ConfigMap

Available Commands:
  edit-last-applied Edit latest last-applied-configuration annotations of a resource/object
  set-last-applied  Set the last-applied-configuration annotation on a live object to match the contents of a file
  view-last-applied View the latest last-applied-configuration annotations of a resource/object

Flags:
      --all                             Select all resources in the namespace of the specified resource types.
      --allow-missing-template-keys     If true, ignore any errors in templates when a field or map key is missing in the template. Only applies to golang and jsonpath output formats. (default true)
      --cascade string[="background"]   Must be "background", "orphan", or "foreground". Selects the deletion cascading strategy for the dependents (e.g. Pods created by a ReplicationController). Defaults to background. (default "background")
      --dry-run string[="unchanged"]    Must be "none", "server", or "client". If client strategy, only print the object that would be sent, without sending it. If server strategy, submit server-side request without persisting the resource. (default "none")
      --field-manager string            Name of the manager used to track field ownership. (default "kubectl-client-side-apply")
  -f, --filename strings                The files that contain the configurations to apply.
      --force                           If true, immediately remove resources from API and bypass graceful deletion. Note that immediate deletion of some resources may result in inconsistency or data loss and requires confirmation.
      --force-conflicts                 If true, server-side apply will force the changes against conflicts.
      --grace-period int                Period of time in seconds given to the resource to terminate gracefully. Ignored if negative. Set to 1 for immediate shutdown. Can only be set to 0 when --force is true (force deletion). (default -1)
  -h, --help                            help for apply
  -k, --kustomize string                Process a kustomization directory. This flag can't be used together with -f or -R.
      --openapi-patch                   If true, use openapi to calculate diff when the openapi presents and the resource can be found in the openapi spec. Otherwise, fall back to use baked-in types. (default true)
  -o, --output string                   Output format. One of: (json, yaml, name, go-template, go-template-file, template, templatefile, jsonpath, jsonpath-as-json, jsonpath-file).
      --overwrite                       Automatically resolve conflicts between the modified and live configuration by using values from the modified configuration (default true)
      --prune                           Automatically delete resource objects, that do not appear in the configs and are created by either apply or create --save-config. Should be used with either -l or --all.
      --prune-allowlist stringArray     Overwrite the default allowlist with <group/version/kind> for --prune
  -R, --recursive                       Process the directory used in -f, --filename recursively. Useful when you want to manage related manifests organized within the same directory.
  -l, --selector string                 Selector (label query) to filter on, supports '=', '==', '!=', 'in', 'notin'.(e.g. -l key1=value1,key2=value2,key3 in (value3)). Matching objects must satisfy all of the specified label constraints.
      --server-side                     If true, apply runs in the server instead of the client.
      --show-managed-fields             If true, keep the managedFields when printing objects in JSON or YAML format.
      --subresource string              If specified, apply will operate on the subresource of the requested object.  Only allowed when using --server-side.
      --template string                 Template string or path to template file to use when -o=go-template, -o=go-template-file. The template format is golang templates [http://golang.org/pkg/text/template/#pkg-overview].
      --timeout duration                The length of time to wait before giving up on a delete, zero means determine a timeout from the size of the object
      --validate string[="strict"]      Must be one of: strict (or true), warn, ignore (or false). "true" or "strict" will use a schema to validate the input and fail the request if invalid. It will perform server side validation if ServerSideFieldValidation is enabled on the api-server, but will fall back to less reliable client-side validation if not. "warn" will warn about unknown or duplicate fields without blocking the request if server-side field validation is enabled on the API server, and behave as "ignore" otherwise. "false" or "ignore" will not perform any schema validation, silently dropping any unknown or duplicate fields. (default "strict")
      --wait                            If true, wait for resources to be gone before returning. This waits for finalizers.

Use "ksail workload apply [command] --help" for more information about a command.

---

[TestWorkloadHelpSnapshots/create - 1]
Create Kubernetes resources from files or stdin.

Usage:
  ksail workload create
  ksail workload create [command]

Examples:
  # Create a pod using the data in pod.json
  kubectl create -f ./pod.json
  
  # Create a pod based on the JSON passed into stdin
  cat pod.json | kubectl create -f -
  
  # Edit the data in registry.yaml in JSON then create the resource using the edited data
  kubectl create -f registry.yaml --edit -o json

Available Commands:
  clusterrole         Create a cluster role
  clusterrolebinding  Create a cluster role binding for a particular cluster role
  configmap           Create a config map from a local file, directory or literal value
  cronjob             Create a cron job with the specified name
  deployment          Create a deployment with the specified name
  ingress             Create an ingress with the specified name
  job                 Create a job with the specified name
  namespace           Create a namespace with the specified name
  poddisruptionbudget Create a pod disruption budget with the specified name
  priorityclass       Create a priority class with the specified name
  quota               Create a quota with the specified name
  role                Create a role with single rule
  rolebinding         Create a role binding for a particular role or cluster role
  secret              Create a secret using a specified subcommand
  service             Create a service using a specified subcommand
  serviceaccount      Create a service account with the specified name
  token               Request a service account token

Flags:
      --allow-missing-template-keys    If true, ignore any errors in templates when a field or map key is missing in the template. Only applies to golang and jsonpath output formats. (default true)
      --dry-run string[="unchanged"]   Must be "none", "server", or "client". If client strategy, only print the object that would be sent, without sending it. If server strategy, submit server-side request without persisting the resource. (default "none")
      --edit                           Edit the API resource before creating
      --field-manager string           Name of the manager used to track field ownership. (default "kubectl-create")
  -f, --filename strings               Filename, directory, or URL to files to use to create the resource
  -h, --help                           help for create
  -k, --kustomize string               Process the kustomization directory. This flag can't be used together with -f or -R.
  -o, --output string                  Output format. One of: (json, yaml, name, go-template, go-template-file, template, templatefile, jsonpath, jsonpath-as-json, jsonpath-file).
      --raw string                     Raw URI to POST to the server.  Uses the transport specified by the kubeconfig file.
  -R, --recursive                      Process the directory used in -f, --filename recursively. Useful when you want to manage related manifests organized within the same directory.
      --save-config                    If true, the configuration of current object will be saved in its annotation. Otherwise, the annotation will be unchanged. This flag is useful when you want to perform kubectl apply on this object in the future.
  -l, --selector string                Selector (label query) to filter on, supports '=', '==', '!=', 'in', 'notin'.(e.g. -l key1=value1,key2=value2,key3 in (value3)). Matching objects must satisfy all of the specified label constraints.
      --show-managed-fields            If true, keep the managedFields when printing objects in JSON or YAML format.
      --template string                Template string or path to template file to use when -o=go-template, -o=go-template-file. The template format is golang templates [http://golang.org/pkg/text/template/#pkg-overview].
      --validate string[="strict"]     Must be one of: strict (or true), warn, ignore (or false). "true" or "strict" will use a schema to validate the input and fail the request if invalid. It will perform server side validation if ServerSideFieldValidation is enabled on the api-server, but will fall back to less reliable client-side validation if not. "warn" will warn about unknown or duplicate fields without blocking the request if server-side field validation is enabled on the API server, and behave as "ignore" otherwise. "false" or "ignore" will not perform any schema validation, silently dropping any unknown or duplicate fields. (default "strict")
      --windows-line-endings           Only relevant if --edit=true. Defaults to the line ending native to your platform.

Use "ksail workload create [command] --help" for more information about a command.

---

[TestWorkloadHelpSnapshots/delete - 1]
Delete Kubernetes resources by file names, stdin, resources and names, or by resources and label selector.

Usage:
  ksail workload delete

Examples:
  # Delete a pod using the type and name specified in pod.json
  kubectl delete -f ./pod.json
  
  # Delete resources from a directory containing kustomization.yaml - e.g. dir/kustomization.yaml
  kubectl delete -k dir
  
  # Delete resources from all files that end with '.json'
  kubectl delete -f '*.json'
  
  # Delete a pod based on the type and name in the JSON passed into stdin
  cat pod.json | kubectl delete -f -
  
  # Delete pods and services with same names "baz" and "foo"
  kubectl delete pod,service baz foo
  
  # Delete pods and services with label name=myLabel
  kubectl delete pods,services -l name=myLabel
  
  # Delete a pod with minimal delay
  kubectl delete pod foo --now
  
  # Force delete a pod on a dead node
  kubectl delete pod foo --force
  
  # Delete all pods
  kubectl delete pods --all
  
  # Delete all pods only if the user confirms the deletion
  kubectl delete pods --all --interactive

Flags:
      --all                             Delete all resources, in the namespace of the specified resource types.
  -A, --all-namespaces                  If present, list the requested object(s) across all namespaces. Namespace in current context is ignored even if specified with --namespace.
      --cascade string[="background"]   Must be "background", "orphan", or "foreground". Selects the deletion cascading strategy for the dependents (e.g. Pods created by a ReplicationController). Defaults to background. (default "background")
      --dry-run string[="unchanged"]    Must be "none", "server", or "client". If client strategy, only print the object that would be sent, without sending it. If server strategy, submit server-side request without persisting the resource. (default "none")
      --field-selector string           Selector (field query) to filter on, supports '=', '==', and '!='.(e.g. --field-selector key1=value1,key2=value2). The server only supports a limited number of field queries per type.
  -f, --filename strings                containing the resource to delete.
      --force                           If true, immediately remove resources from API and bypass graceful deletion. Note that immediate deletion of some resources may result in inconsistency or data loss and requires confirmation.
      --grace-period int                Period of time in seconds given to the resource to terminate gracefully. Ignored if negative. Set to 1 for immediate shutdown. Can only be set to 0 when --force is true (force deletion). (default -1)
  -h, --help                            help for delete
      --ignore-not-found                Treat "resource not found" as a successful delete. Defaults to "true" when --all is specified.
  -i, --interactive                     If true, delete resource only when user confirms.
  -k, --kustomize string                Process a kustomization directory. This flag can't be used together with -f or -R.
      --now                             If true, resources are signaled for immediate shutdown (same as --grace-period=1).
  -o, --output string                   Output mode. Use "-o name" for shorter output (resource/name).
      --raw string                      Raw URI to DELETE to the server.  Uses the transport specified by the kubeconfig file.
  -R, --recursive                       Process the directory used in -f, --filename recursively. Useful when you want to manage related manifests organized within the same directory.
  -l, --selector string                 Selector (label query) to filter on, supports '=', '==', '!=', 'in', 'notin'.(e.g. -l key1=value1,key2=value2,key3 in (value3)). Matching objects must satisfy all of the specified label constraints.
      --timeout duration                The length of time to wait before giving up on a delete, zero means determine a timeout from the size of the object
      --wait                            If true, wait for resources to be gone before returning. This waits for finalizers. (default true)

---

[TestWorkloadHelpSnapshots/install - 1]
Install Helm charts to provision workloads through KSail.

Usage:
  ksail workload install [flags]

Flags:
  -h, --help   help for install

---

[TestWorkloadHelpSnapshots/namespace - 1]
Group workload commands under a single namespace to reconcile, apply, create, delete, edit, explain, install, or scale workloads.

Usage:
  ksail workload [flags]
  ksail workload [command]

Available Commands:
  apply       Apply manifests
  create      Create resources
  delete      Delete resources
  edit        Edit a resource
  explain     Get documentation for a resource
  install     Install Helm charts
  reconcile   Reconcile workloads with the cluster
  scale       Scale resources

Flags:
  -h, --help   help for workload

Use "ksail workload [command] --help" for more information about a command.

---

[TestWorkloadHelpSnapshots/reconcile - 1]
Trigger reconciliation tooling to sync local workloads with your cluster.

Usage:
  ksail workload reconcile [flags]

Flags:
  -h, --help   help for reconcile

---

[TestWorkloadHelpSnapshots/edit - 1]
Edit a Kubernetes resource from the default editor.

Usage:
  ksail workload edit

Examples:
  # Edit the service named 'registry'
  kubectl edit svc/registry
  
  # Use an alternative editor
  KUBE_EDITOR="nano" kubectl edit svc/registry
  
  # Edit the job 'myjob' in JSON using the v1 API format
  kubectl edit job.v1.batch/myjob -o json
  
  # Edit the deployment 'mydeployment' in YAML and save the modified config in its annotation
  kubectl edit deployment/mydeployment -o yaml --save-config
  
  # Edit the 'status' subresource for the 'mydeployment' deployment
  kubectl edit deployment mydeployment --subresource='status'

Flags:
      --allow-missing-template-keys   If true, ignore any errors in templates when a field or map key is missing in the template. Only applies to golang and jsonpath output formats. (default true)
      --field-manager string          Name of the manager used to track field ownership. (default "kubectl-edit")
  -f, --filename strings              Filename, directory, or URL to files to use to edit the resource
  -h, --help                          help for edit
  -k, --kustomize string              Process the kustomization directory. This flag can't be used together with -f or -R.
  -o, --output string                 Output format. One of: (json, yaml, name, go-template, go-template-file, template, templatefile, jsonpath, jsonpath-as-json, jsonpath-file).
      --output-patch                  Output the patch if the resource is edited.
  -R, --recursive                     Process the directory used in -f, --filename recursively. Useful when you want to manage related manifests organized within the same directory.
      --save-config                   If true, the configuration of current object will be saved in its annotation. Otherwise, the annotation will be unchanged. This flag is useful when you want to perform kubectl apply on this object in the future.
      --show-managed-fields           If true, keep the managedFields when printing objects in JSON or YAML format.
      --subresource string            If specified, edit will operate on the subresource of the requested object.
      --template string               Template string or path to template file to use when -o=go-template, -o=go-template-file. The template format is golang templates [http://golang.org/pkg/text/template/#pkg-overview].
      --validate string[="strict"]    Must be one of: strict (or true), warn, ignore (or false). "true" or "strict" will use a schema to validate the input and fail the request if invalid. It will perform server side validation if ServerSideFieldValidation is enabled on the api-server, but will fall back to less reliable client-side validation if not. "warn" will warn about unknown or duplicate fields without blocking the request if server-side field validation is enabled on the API server, and behave as "ignore" otherwise. "false" or "ignore" will not perform any schema validation, silently dropping any unknown or duplicate fields. (default "strict")
      --windows-line-endings          Defaults to the line ending native to your platform.

---

[TestWorkloadHelpSnapshots/explain - 1]
Get documentation for Kubernetes resources, including field descriptions and structure.

Usage:
  ksail workload explain

Examples:
  # Get the documentation of the resource and its fields
  kubectl explain pods
  
  # Get all the fields in the resource
  kubectl explain pods --recursive
  
  # Get the explanation for deployment in supported api versions
  kubectl explain deployments --api-version=apps/v1
  
  # Get the documentation of a specific field of a resource
  kubectl explain pods.spec.containers
  
  # Get the documentation of resources in different format
  kubectl explain deployment --output=plaintext-openapiv2

Flags:
      --api-version string   Get different explanations for particular API version (API group/version)
  -h, --help                 help for explain
  -o, --output string        Format in which to render the schema (plaintext, plaintext-openapiv2) (default "plaintext")
      --recursive            Print the fields of fields (Currently only 1 level deep)

---

[TestWorkloadHelpSnapshots/scale - 1]
Set a new size for a deployment, replica set, replication controller, or stateful set.

Usage:
  ksail workload scale

Examples:
  # Scale a replica set named 'foo' to 3
  kubectl scale --replicas=3 rs/foo
  
  # Scale a resource identified by type and name specified in "foo.yaml" to 3
  kubectl scale --replicas=3 -f foo.yaml
  
  # If the deployment named mysql's current size is 2, scale mysql to 3
  kubectl scale --current-replicas=2 --replicas=3 deployment/mysql
  
  # Scale multiple replication controllers
  kubectl scale --replicas=5 rc/example1 rc/example2 rc/example3
  
  # Scale stateful set named 'web' to 3
  kubectl scale --replicas=3 statefulset/web

Flags:
      --all                            Select all resources in the namespace of the specified resource types
      --allow-missing-template-keys    If true, ignore any errors in templates when a field or map key is missing in the template. Only applies to golang and jsonpath output formats. (default true)
      --current-replicas int           Precondition for current size. Requires that the current size of the resource match this value in order to scale. -1 (default) for no condition. (default -1)
      --dry-run string[="unchanged"]   Must be "none", "server", or "client". If client strategy, only print the object that would be sent, without sending it. If server strategy, submit server-side request without persisting the resource. (default "none")
  -f, --filename strings               Filename, directory, or URL to files identifying the resource to set a new size
  -h, --help                           help for scale
  -k, --kustomize string               Process the kustomization directory. This flag can't be used together with -f or -R.
  -o, --output string                  Output format. One of: (json, yaml, name, go-template, go-template-file, template, templatefile, jsonpath, jsonpath-as-json, jsonpath-file).
  -R, --recursive                      Process the directory used in -f, --filename recursively. Useful when you want to manage related manifests organized within the same directory.
      --replicas int                   The new desired number of replicas. Required.
      --resource-version string        Precondition for resource version. Requires that the current resource version match this value in order to scale.
  -l, --selector string                Selector (label query) to filter on, supports '=', '==', '!=', 'in', 'notin'.(e.g. -l key1=value1,key2=value2,key3 in (value3)). Matching objects must satisfy all of the specified label constraints.
      --show-managed-fields            If true, keep the managedFields when printing objects in JSON or YAML format.
      --template string                Template string or path to template file to use when -o=go-template, -o=go-template-file. The template format is golang templates [http://golang.org/pkg/text/template/#pkg-overview].
      --timeout duration               The length of time to wait before giving up on a scale operation, zero means don't wait. Any other values should contain a corresponding time unit (e.g. 1s, 2m, 3h).

---
