
[TestGenerate - 1]
apiVersion: kind.x-k8s.io/v1alpha4
kind: Cluster
networking:
  apiServerAddress: 127.0.0.1
  ipFamily: ipv4
  kubeProxyMode: iptables
  podSubnet: 10.244.0.0/16
  serviceSubnet: 10.96.0.0/16
nodes:
- image: kindest/node:v1.34.0@sha256:7416a61b42b1662ca6ca89f02028ac133a309a2a30ba309614e8ec94d976dc5a
  role: control-plane

---
